Archive member included because of file (symbol)

/home/albert/.pebble-sdk/SDKs/current/sdk-core/pebble/diorite/lib/libpebble.a(tmpnfft5Rpebble.o)
                              src/c/nerv.c.30.o (app_event_loop)
/home/albert/pebble-dev/pebble-sdk-4.6-rc2-linux64/arm-cs-tools/bin/../lib/gcc/arm-none-eabi/4.7.2/thumb2/libgcc.a(_arm_addsubdf3.o)
                              src/c/nerv.c.30.o (__aeabi_dadd)
/home/albert/pebble-dev/pebble-sdk-4.6-rc2-linux64/arm-cs-tools/bin/../lib/gcc/arm-none-eabi/4.7.2/thumb2/libgcc.a(_arm_muldivdf3.o)
                              src/c/nerv.c.30.o (__aeabi_dmul)
/home/albert/pebble-dev/pebble-sdk-4.6-rc2-linux64/arm-cs-tools/bin/../lib/gcc/arm-none-eabi/4.7.2/thumb2/libgcc.a(_arm_fixdfsi.o)
                              src/c/nerv.c.30.o (__aeabi_d2iz)
/home/albert/pebble-dev/pebble-sdk-4.6-rc2-linux64/arm-cs-tools/bin/../lib/gcc/arm-none-eabi/4.7.2/../../../../arm-none-eabi/lib/thumb2/libc.a(lib_a-ctype_.o)
                              src/c/nerv.c.30.o (__ctype_ptr__)

Discarded input sections

 .text          0x0000000000000000        0x0 /home/albert/pebble-dev/pebble-sdk-4.6-rc2-linux64/arm-cs-tools/bin/../lib/gcc/arm-none-eabi/4.7.2/thumb2/crti.o
 .bss           0x0000000000000000        0x0 /home/albert/pebble-dev/pebble-sdk-4.6-rc2-linux64/arm-cs-tools/bin/../lib/gcc/arm-none-eabi/4.7.2/thumb2/crti.o
 .init          0x0000000000000000        0x4 /home/albert/pebble-dev/pebble-sdk-4.6-rc2-linux64/arm-cs-tools/bin/../lib/gcc/arm-none-eabi/4.7.2/thumb2/crti.o
 .fini          0x0000000000000000        0x4 /home/albert/pebble-dev/pebble-sdk-4.6-rc2-linux64/arm-cs-tools/bin/../lib/gcc/arm-none-eabi/4.7.2/thumb2/crti.o
 .text          0x0000000000000000       0xc8 /home/albert/pebble-dev/pebble-sdk-4.6-rc2-linux64/arm-cs-tools/bin/../lib/gcc/arm-none-eabi/4.7.2/thumb2/crtbegin.o
 .bss           0x0000000000000000       0x1c /home/albert/pebble-dev/pebble-sdk-4.6-rc2-linux64/arm-cs-tools/bin/../lib/gcc/arm-none-eabi/4.7.2/thumb2/crtbegin.o
 .init_array    0x0000000000000000        0x4 /home/albert/pebble-dev/pebble-sdk-4.6-rc2-linux64/arm-cs-tools/bin/../lib/gcc/arm-none-eabi/4.7.2/thumb2/crtbegin.o
 .fini_array    0x0000000000000000        0x4 /home/albert/pebble-dev/pebble-sdk-4.6-rc2-linux64/arm-cs-tools/bin/../lib/gcc/arm-none-eabi/4.7.2/thumb2/crtbegin.o
 .eh_frame      0x0000000000000000        0x0 /home/albert/pebble-dev/pebble-sdk-4.6-rc2-linux64/arm-cs-tools/bin/../lib/gcc/arm-none-eabi/4.7.2/thumb2/crtbegin.o
 .jcr           0x0000000000000000        0x0 /home/albert/pebble-dev/pebble-sdk-4.6-rc2-linux64/arm-cs-tools/bin/../lib/gcc/arm-none-eabi/4.7.2/thumb2/crtbegin.o
 .tm_clone_table
                0x0000000000000000        0x0 /home/albert/pebble-dev/pebble-sdk-4.6-rc2-linux64/arm-cs-tools/bin/../lib/gcc/arm-none-eabi/4.7.2/thumb2/crtbegin.o
 .text          0x0000000000000000        0x0 src/c/nerv.c.30.o
 .bss           0x0000000000000000        0x0 src/c/nerv.c.30.o
 .text          0x0000000000000000        0x0 diorite/appinfo.auto.c.30.o
 .bss           0x0000000000000000        0x0 diorite/appinfo.auto.c.30.o
 .text          0x0000000000000000        0x0 diorite/src/resource_ids.auto.c.30.o
 .bss           0x0000000000000000        0x0 diorite/src/resource_ids.auto.c.30.o
 .data.RESOURCE_ID_DSEG_16
                0x0000000000000000        0x4 diorite/src/resource_ids.auto.c.30.o
 .data.RESOURCE_ID_IMAGE_BACKGROUND1_2
                0x0000000000000000        0x4 diorite/src/resource_ids.auto.c.30.o
 .data.RESOURCE_ID_HELV_15
                0x0000000000000000        0x4 diorite/src/resource_ids.auto.c.30.o
 .data.RESOURCE_ID_IMAGE_BATBAR
                0x0000000000000000        0x4 diorite/src/resource_ids.auto.c.30.o
 .data.RESOURCE_ID_IMAGE_MENU_ICON
                0x0000000000000000        0x4 diorite/src/resource_ids.auto.c.30.o
 .data.RESOURCE_ID_IMAGE_DAY
                0x0000000000000000        0x4 diorite/src/resource_ids.auto.c.30.o
 .data.RESOURCE_ID_IMAGE_BACKGROUND1
                0x0000000000000000        0x4 diorite/src/resource_ids.auto.c.30.o
 .data.RESOURCE_ID_IMAGE_BATBG
                0x0000000000000000        0x4 diorite/src/resource_ids.auto.c.30.o
 .data.RESOURCE_ID_NOTO_14
                0x0000000000000000        0x4 diorite/src/resource_ids.auto.c.30.o
 .data.RESOURCE_ID_IMAGE_TEMPC
                0x0000000000000000        0x4 diorite/src/resource_ids.auto.c.30.o
 .data.RESOURCE_ID_DSEG_33
                0x0000000000000000        0x4 diorite/src/resource_ids.auto.c.30.o
 .data.RESOURCE_ID_IMAGE_TEMPF
                0x0000000000000000        0x4 diorite/src/resource_ids.auto.c.30.o
 .data.RESOURCE_ID_IMAGE_NO_BT
                0x0000000000000000        0x4 diorite/src/resource_ids.auto.c.30.o
 .data.RESOURCE_ID_IMAGE_ON
                0x0000000000000000        0x4 diorite/src/resource_ids.auto.c.30.o
 .text          0x0000000000000000        0x0 src/message_keys.auto.c.30.o
[...]
Memory Configuration

Name             Origin             Length             Attributes
APP              0x0000000000000000 0x0000000000010000 xrw
*default*        0x0000000000000000 0xffffffffffffffff

Linker script and memory map

LOAD /home/albert/pebble-dev/pebble-sdk-4.6-rc2-linux64/arm-cs-tools/bin/../lib/gcc/arm-none-eabi/4.7.2/thumb2/crti.o
LOAD /home/albert/pebble-dev/pebble-sdk-4.6-rc2-linux64/arm-cs-tools/bin/../lib/gcc/arm-none-eabi/4.7.2/thumb2/crtbegin.o
LOAD src/c/nerv.c.30.o
LOAD diorite/appinfo.auto.c.30.o
LOAD diorite/src/resource_ids.auto.c.30.o
LOAD src/message_keys.auto.c.30.o
LOAD /home/albert/.pebble-sdk/SDKs/current/sdk-core/pebble/diorite/lib/libpebble.a
LOAD /home/albert/Desktop/pebble-nerv-main/node_modules/pebble-clay/dist/binaries/diorite/libpebble-clay.a
START GROUP
LOAD /home/albert/pebble-dev/pebble-sdk-4.6-rc2-linux64/arm-cs-tools/bin/../lib/gcc/arm-none-eabi/4.7.2/thumb2/libgcc.a
LOAD /home/albert/pebble-dev/pebble-sdk-4.6-rc2-linux64/arm-cs-tools/bin/../lib/gcc/arm-none-eabi/4.7.2/../../../../arm-none-eabi/lib/thumb2/libc.a
END GROUP
LOAD /home/albert/pebble-dev/pebble-sdk-4.6-rc2-linux64/arm-cs-tools/bin/../lib/gcc/arm-none-eabi/4.7.2/thumb2/crtend.o
LOAD /home/albert/pebble-dev/pebble-sdk-4.6-rc2-linux64/arm-cs-tools/bin/../lib/gcc/arm-none-eabi/4.7.2/thumb2/crtn.o

.header         0x0000000000000000       0x82
 *(.pbl_header)
 .pbl_header    0x0000000000000000       0x82 diorite/appinfo.auto.c.30.o
                0x0000000000000000                __pbl_app_info

.note.gnu.build-id
                0x0000000000000082       0x26
                0x0000000000000082                PROVIDE (BUILD_ID, .)
 *(.note.gnu.build-id)
 *fill*         0x0000000000000082        0x2 
 .note.gnu.build-id
                0x0000000000000084       0x24 linker stubs

.text           0x00000000000000a8     0x1cf3
 *(.text)
 .text          0x00000000000000a8       0x14 /home/albert/.pebble-sdk/SDKs/current/sdk-core/pebble/diorite/lib/libpebble.a(tmpnfft5Rpebble.o)
 .text          0x00000000000000bc      0x370 /home/albert/pebble-dev/pebble-sdk-4.6-rc2-linux64/arm-cs-tools/bin/../lib/gcc/arm-none-eabi/4.7.2/thumb2/libgcc.a(_arm_addsubdf3.o)
                0x00000000000000bc                __aeabi_drsub
                0x00000000000000c4                __aeabi_dsub
                0x00000000000000c4                __subdf3
                0x00000000000000c8                __adddf3
                0x00000000000000c8                __aeabi_dadd
                0x0000000000000340                __aeabi_ui2d
                0x0000000000000340                __floatunsidf
                0x0000000000000360                __floatsidf
                0x0000000000000360                __aeabi_i2d
                0x0000000000000384                __extendsfdf2
                0x0000000000000384                __aeabi_f2d
                0x00000000000003c0                __aeabi_ul2d
                0x00000000000003c0                __floatundidf
                0x00000000000003d0                __floatdidf
                0x00000000000003d0                __aeabi_l2d
 .text          0x000000000000042c      0x424 /home/albert/pebble-dev/pebble-sdk-4.6-rc2-linux64/arm-cs-tools/bin/../lib/gcc/arm-none-eabi/4.7.2/thumb2/libgcc.a(_arm_muldivdf3.o)
                0x000000000000042c                __aeabi_dmul
                0x000000000000042c                __muldf3
                0x0000000000000680                __aeabi_ddiv
                0x0000000000000680                __divdf3
 .text          0x0000000000000850       0x50 /home/albert/pebble-dev/pebble-sdk-4.6-rc2-linux64/arm-cs-tools/bin/../lib/gcc/arm-none-eabi/4.7.2/thumb2/libgcc.a(_arm_fixdfsi.o)
                0x0000000000000850                __fixdfsi
                0x0000000000000850                __aeabi_d2iz
 *(.text.*)
 .text.update_battery
                0x00000000000008a0       0x98 src/c/nerv.c.30.o
 .text.battery_callback
                0x0000000000000938       0x68 src/c/nerv.c.30.o
 .text.bluetooth_callback
                0x00000000000009a0       0x24 src/c/nerv.c.30.o
 .text.main_window_unload
                0x00000000000009c4      0x13c src/c/nerv.c.30.o
 .text.update_temp_format
                0x0000000000000b00       0x54 src/c/nerv.c.30.o
 .text.outbox_sent_callback
                0x0000000000000b54       0x1c src/c/nerv.c.30.o
 .text.outbox_failed_callback
                0x0000000000000b70       0x1c src/c/nerv.c.30.o
 .text.inbox_dropped_callback
                0x0000000000000b8c       0x1c src/c/nerv.c.30.o
 .text.set_indicator
                0x0000000000000ba8       0x90 src/c/nerv.c.30.o
 .text.update_colours
                0x0000000000000c38       0xbc src/c/nerv.c.30.o
 .text.update_ht
                0x0000000000000cf4       0x64 src/c/nerv.c.30.o
 .text.update_date
                0x0000000000000d58       0xa4 src/c/nerv.c.30.o
 .text.main_window_load
                0x0000000000000dfc      0x4ec src/c/nerv.c.30.o
 .text.save_settings
                0x00000000000012e8       0x10 src/c/nerv.c.30.o
 .text.outbox_iter
                0x00000000000012f8       0x18 src/c/nerv.c.30.o
 .text.inbox_received_callback
                0x0000000000001310      0x3f0 src/c/nerv.c.30.o
 .text.tick_handler
                0x0000000000001700       0x88 src/c/nerv.c.30.o
 .text.startup.main
                0x0000000000001788      0x14c src/c/nerv.c.30.o
                0x0000000000001788                main
 .text.app_event_loop
                0x00000000000018d4        0xc /home/albert/.pebble-sdk/SDKs/current/sdk-core/pebble/diorite/lib/libpebble.a(tmpnfft5Rpebble.o)
                0x00000000000018d4                app_event_loop
 .text.app_log  0x00000000000018e0        0xc /home/albert/.pebble-sdk/SDKs/current/sdk-core/pebble/diorite/lib/libpebble.a(tmpnfft5Rpebble.o)
                0x00000000000018e0                app_log
 .text.app_message_open
                0x00000000000018ec        0xc /home/albert/.pebble-sdk/SDKs/current/sdk-core/pebble/diorite/lib/libpebble.a(tmpnfft5Rpebble.o)
                0x00000000000018ec                app_message_open
 .text.battery_state_service_peek
                0x00000000000018f8        0xc /home/albert/.pebble-sdk/SDKs/current/sdk-core/pebble/diorite/lib/libpebble.a(tmpnfft5Rpebble.o)
                0x00000000000018f8                battery_state_service_peek
 .text.battery_state_service_subscribe
                0x0000000000001904        0xc /home/albert/.pebble-sdk/SDKs/current/sdk-core/pebble/diorite/lib/libpebble.a(tmpnfft5Rpebble.o)
                0x0000000000001904                battery_state_service_subscribe
 .text.bitmap_layer_create
                0x0000000000001910        0xc /home/albert/.pebble-sdk/SDKs/current/sdk-core/pebble/diorite/lib/libpebble.a(tmpnfft5Rpebble.o)
                0x0000000000001910                bitmap_layer_create
 .text.bitmap_layer_destroy
                0x000000000000191c        0xc /home/albert/.pebble-sdk/SDKs/current/sdk-core/pebble/diorite/lib/libpebble.a(tmpnfft5Rpebble.o)
                0x000000000000191c                bitmap_layer_destroy
 .text.bitmap_layer_get_layer
                0x0000000000001928        0xc /home/albert/.pebble-sdk/SDKs/current/sdk-core/pebble/diorite/lib/libpebble.a(tmpnfft5Rpebble.o)
                0x0000000000001928                bitmap_layer_get_layer
 .text.bitmap_layer_set_bitmap
                0x0000000000001934        0xc /home/albert/.pebble-sdk/SDKs/current/sdk-core/pebble/diorite/lib/libpebble.a(tmpnfft5Rpebble.o)
                0x0000000000001934                bitmap_layer_set_bitmap
 .text.clock_is_24h_style
                0x0000000000001940        0xc /home/albert/.pebble-sdk/SDKs/current/sdk-core/pebble/diorite/lib/libpebble.a(tmpnfft5Rpebble.o)
                0x0000000000001940                clock_is_24h_style
 .text.dict_find
                0x000000000000194c        0xc /home/albert/.pebble-sdk/SDKs/current/sdk-core/pebble/diorite/lib/libpebble.a(tmpnfft5Rpebble.o)
                0x000000000000194c                dict_find
 .text.dict_write_uint8
                0x0000000000001958        0xc /home/albert/.pebble-sdk/SDKs/current/sdk-core/pebble/diorite/lib/libpebble.a(tmpnfft5Rpebble.o)
                0x0000000000001958                dict_write_uint8
 .text.fonts_load_custom_font
                0x0000000000001964        0xc /home/albert/.pebble-sdk/SDKs/current/sdk-core/pebble/diorite/lib/libpebble.a(tmpnfft5Rpebble.o)
                0x0000000000001964                fonts_load_custom_font
 .text.fonts_unload_custom_font
                0x0000000000001970        0xc /home/albert/.pebble-sdk/SDKs/current/sdk-core/pebble/diorite/lib/libpebble.a(tmpnfft5Rpebble.o)
                0x0000000000001970                fonts_unload_custom_font
 .text.gbitmap_create_with_resource
                0x000000000000197c        0xc /home/albert/.pebble-sdk/SDKs/current/sdk-core/pebble/diorite/lib/libpebble.a(tmpnfft5Rpebble.o)
                0x000000000000197c                gbitmap_create_with_resource
 .text.gbitmap_destroy
                0x0000000000001988        0xc /home/albert/.pebble-sdk/SDKs/current/sdk-core/pebble/diorite/lib/libpebble.a(tmpnfft5Rpebble.o)
                0x0000000000001988                gbitmap_destroy
 .text.layer_add_child
                0x0000000000001994        0xc /home/albert/.pebble-sdk/SDKs/current/sdk-core/pebble/diorite/lib/libpebble.a(tmpnfft5Rpebble.o)
                0x0000000000001994                layer_add_child
 .text.layer_get_bounds
                0x00000000000019a0        0xc /home/albert/.pebble-sdk/SDKs/current/sdk-core/pebble/diorite/lib/libpebble.a(tmpnfft5Rpebble.o)
                0x00000000000019a0                layer_get_bounds
 .text.layer_set_frame
                0x00000000000019ac        0xc /home/albert/.pebble-sdk/SDKs/current/sdk-core/pebble/diorite/lib/libpebble.a(tmpnfft5Rpebble.o)
                0x00000000000019ac                layer_set_frame
 .text.layer_set_hidden
                0x00000000000019b8        0xc /home/albert/.pebble-sdk/SDKs/current/sdk-core/pebble/diorite/lib/libpebble.a(tmpnfft5Rpebble.o)
                0x00000000000019b8                layer_set_hidden
 .text.memset   0x00000000000019c4        0xc /home/albert/.pebble-sdk/SDKs/current/sdk-core/pebble/diorite/lib/libpebble.a(tmpnfft5Rpebble.o)
                0x00000000000019c4                memset
 .text.resource_get_handle
                0x00000000000019d0        0xc /home/albert/.pebble-sdk/SDKs/current/sdk-core/pebble/diorite/lib/libpebble.a(tmpnfft5Rpebble.o)
                0x00000000000019d0                resource_get_handle
 .text.snprintf
                0x00000000000019dc        0xc /home/albert/.pebble-sdk/SDKs/current/sdk-core/pebble/diorite/lib/libpebble.a(tmpnfft5Rpebble.o)
                0x00000000000019dc                snprintf
 .text.strcmp   0x00000000000019e8        0xc /home/albert/.pebble-sdk/SDKs/current/sdk-core/pebble/diorite/lib/libpebble.a(tmpnfft5Rpebble.o)
                0x00000000000019e8                strcmp
 .text.strcpy   0x00000000000019f4        0xc /home/albert/.pebble-sdk/SDKs/current/sdk-core/pebble/diorite/lib/libpebble.a(tmpnfft5Rpebble.o)
                0x00000000000019f4                strcpy
 .text.strftime
                0x0000000000001a00        0xc /home/albert/.pebble-sdk/SDKs/current/sdk-core/pebble/diorite/lib/libpebble.a(tmpnfft5Rpebble.o)
                0x0000000000001a00                strftime
 .text.tick_timer_service_subscribe
                0x0000000000001a0c        0xc /home/albert/.pebble-sdk/SDKs/current/sdk-core/pebble/diorite/lib/libpebble.a(tmpnfft5Rpebble.o)
                0x0000000000001a0c                tick_timer_service_subscribe
 .text.vibes_double_pulse
                0x0000000000001a18        0xc /home/albert/.pebble-sdk/SDKs/current/sdk-core/pebble/diorite/lib/libpebble.a(tmpnfft5Rpebble.o)
                0x0000000000001a18                vibes_double_pulse
 .text.window_create
                0x0000000000001a24        0xc /home/albert/.pebble-sdk/SDKs/current/sdk-core/pebble/diorite/lib/libpebble.a(tmpnfft5Rpebble.o)
                0x0000000000001a24                window_create
 .text.window_destroy
                0x0000000000001a30        0xc /home/albert/.pebble-sdk/SDKs/current/sdk-core/pebble/diorite/lib/libpebble.a(tmpnfft5Rpebble.o)
                0x0000000000001a30                window_destroy
 .text.window_get_root_layer
                0x0000000000001a3c        0xc /home/albert/.pebble-sdk/SDKs/current/sdk-core/pebble/diorite/lib/libpebble.a(tmpnfft5Rpebble.o)
                0x0000000000001a3c                window_get_root_layer
 .text.window_set_window_handlers
                0x0000000000001a48        0xc /home/albert/.pebble-sdk/SDKs/current/sdk-core/pebble/diorite/lib/libpebble.a(tmpnfft5Rpebble.o)
                0x0000000000001a48                window_set_window_handlers
 .text.window_stack_push
                0x0000000000001a54        0xc /home/albert/.pebble-sdk/SDKs/current/sdk-core/pebble/diorite/lib/libpebble.a(tmpnfft5Rpebble.o)
                0x0000000000001a54                window_stack_push
 .text.app_message_outbox_begin
                0x0000000000001a60        0xc /home/albert/.pebble-sdk/SDKs/current/sdk-core/pebble/diorite/lib/libpebble.a(tmpnfft5Rpebble.o)
                0x0000000000001a60                app_message_outbox_begin
 .text.app_message_outbox_send
                0x0000000000001a6c        0xc /home/albert/.pebble-sdk/SDKs/current/sdk-core/pebble/diorite/lib/libpebble.a(tmpnfft5Rpebble.o)
                0x0000000000001a6c                app_message_outbox_send
 .text.app_message_register_inbox_dropped
                0x0000000000001a78        0xc /home/albert/.pebble-sdk/SDKs/current/sdk-core/pebble/diorite/lib/libpebble.a(tmpnfft5Rpebble.o)
                0x0000000000001a78                app_message_register_inbox_dropped
 .text.app_message_register_inbox_received
                0x0000000000001a84        0xc /home/albert/.pebble-sdk/SDKs/current/sdk-core/pebble/diorite/lib/libpebble.a(tmpnfft5Rpebble.o)
                0x0000000000001a84                app_message_register_inbox_received
 .text.app_message_register_outbox_failed
                0x0000000000001a90        0xc /home/albert/.pebble-sdk/SDKs/current/sdk-core/pebble/diorite/lib/libpebble.a(tmpnfft5Rpebble.o)
                0x0000000000001a90                app_message_register_outbox_failed
 .text.app_message_register_outbox_sent
                0x0000000000001a9c        0xc /home/albert/.pebble-sdk/SDKs/current/sdk-core/pebble/diorite/lib/libpebble.a(tmpnfft5Rpebble.o)
                0x0000000000001a9c                app_message_register_outbox_sent
 .text.persist_read_data
                0x0000000000001aa8        0xc /home/albert/.pebble-sdk/SDKs/current/sdk-core/pebble/diorite/lib/libpebble.a(tmpnfft5Rpebble.o)
                0x0000000000001aa8                persist_read_data
 .text.persist_write_data
                0x0000000000001ab4        0xc /home/albert/.pebble-sdk/SDKs/current/sdk-core/pebble/diorite/lib/libpebble.a(tmpnfft5Rpebble.o)
                0x0000000000001ab4                persist_write_data
 .text.localtime
                0x0000000000001ac0        0xc /home/albert/.pebble-sdk/SDKs/current/sdk-core/pebble/diorite/lib/libpebble.a(tmpnfft5Rpebble.o)
                0x0000000000001ac0                localtime
 .text.text_layer_create
                0x0000000000001acc        0xc /home/albert/.pebble-sdk/SDKs/current/sdk-core/pebble/diorite/lib/libpebble.a(tmpnfft5Rpebble.o)
                0x0000000000001acc                text_layer_create
 .text.text_layer_get_layer
                0x0000000000001ad8        0xc /home/albert/.pebble-sdk/SDKs/current/sdk-core/pebble/diorite/lib/libpebble.a(tmpnfft5Rpebble.o)
                0x0000000000001ad8                text_layer_get_layer
 .text.text_layer_set_background_color
                0x0000000000001ae4        0xc /home/albert/.pebble-sdk/SDKs/current/sdk-core/pebble/diorite/lib/libpebble.a(tmpnfft5Rpebble.o)
                0x0000000000001ae4                text_layer_set_background_color
 .text.text_layer_set_font
                0x0000000000001af0        0xc /home/albert/.pebble-sdk/SDKs/current/sdk-core/pebble/diorite/lib/libpebble.a(tmpnfft5Rpebble.o)
                0x0000000000001af0                text_layer_set_font
 .text.text_layer_set_text
                0x0000000000001afc        0xc /home/albert/.pebble-sdk/SDKs/current/sdk-core/pebble/diorite/lib/libpebble.a(tmpnfft5Rpebble.o)
                0x0000000000001afc                text_layer_set_text
 .text.text_layer_set_text_alignment
                0x0000000000001b08        0xc /home/albert/.pebble-sdk/SDKs/current/sdk-core/pebble/diorite/lib/libpebble.a(tmpnfft5Rpebble.o)
                0x0000000000001b08                text_layer_set_text_alignment
 .text.text_layer_set_text_color
                0x0000000000001b14        0xc /home/albert/.pebble-sdk/SDKs/current/sdk-core/pebble/diorite/lib/libpebble.a(tmpnfft5Rpebble.o)
                0x0000000000001b14                text_layer_set_text_color
 .text.time     0x0000000000001b20        0xc /home/albert/.pebble-sdk/SDKs/current/sdk-core/pebble/diorite/lib/libpebble.a(tmpnfft5Rpebble.o)
                0x0000000000001b20                time
 .text.connection_service_peek_pebble_app_connection
                0x0000000000001b2c        0xc /home/albert/.pebble-sdk/SDKs/current/sdk-core/pebble/diorite/lib/libpebble.a(tmpnfft5Rpebble.o)
                0x0000000000001b2c                connection_service_peek_pebble_app_connection
 .text.connection_service_subscribe
                0x0000000000001b38        0xc /home/albert/.pebble-sdk/SDKs/current/sdk-core/pebble/diorite/lib/libpebble.a(tmpnfft5Rpebble.o)
                0x0000000000001b38                connection_service_subscribe
 *(.rodata)
 .rodata        0x0000000000001b44       0x48 src/c/nerv.c.30.o
 *(.rodata*)
 .rodata.str1.1
                0x0000000000001b8c      0x10e src/c/nerv.c.30.o
                                        0x114 (size before relaxing)
 .rodata._ctype_
                0x0000000000001c9a      0x101 /home/albert/pebble-dev/pebble-sdk-4.6-rc2-linux64/arm-cs-tools/bin/../lib/gcc/arm-none-eabi/4.7.2/../../../../arm-none-eabi/lib/thumb2/libc.a(lib_a-ctype_.o)
                0x0000000000001c9a                _ctype_

.glue_7         0x0000000000001d9c        0x0
 .glue_7        0x0000000000000000        0x0 linker stubs

.glue_7t        0x0000000000001d9c        0x0
 .glue_7t       0x0000000000000000        0x0 linker stubs

.vfp11_veneer   0x0000000000001d9c        0x0
 .vfp11_veneer  0x0000000000000000        0x0 linker stubs

.v4_bx          0x0000000000001d9c        0x0
 .v4_bx         0x0000000000000000        0x0 linker stubs

.iplt           0x0000000000001d9c        0x0
 .iplt          0x0000000000000000        0x0 /home/albert/pebble-dev/pebble-sdk-4.6-rc2-linux64/arm-cs-tools/bin/../lib/gcc/arm-none-eabi/4.7.2/thumb2/crtbegin.o

.rel.dyn        0x0000000000001d9c        0x0
 .rel.iplt      0x0000000000000000        0x0 /home/albert/pebble-dev/pebble-sdk-4.6-rc2-linux64/arm-cs-tools/bin/../lib/gcc/arm-none-eabi/4.7.2/thumb2/crtbegin.o
 .rel.got       0x0000000000000000        0x0 /home/albert/pebble-dev/pebble-sdk-4.6-rc2-linux64/arm-cs-tools/bin/../lib/gcc/arm-none-eabi/4.7.2/thumb2/crtbegin.o

.data           0x0000000000001d9c       0x38
 *(.data)
 .data          0x0000000000001d9c        0x0 /home/albert/pebble-dev/pebble-sdk-4.6-rc2-linux64/arm-cs-tools/bin/../lib/gcc/arm-none-eabi/4.7.2/thumb2/crti.o
 .data          0x0000000000001d9c        0x4 /home/albert/pebble-dev/pebble-sdk-4.6-rc2-linux64/arm-cs-tools/bin/../lib/gcc/arm-none-eabi/4.7.2/thumb2/crtbegin.o
                0x0000000000001d9c                __dso_handle
 .data          0x0000000000001da0        0x0 src/c/nerv.c.30.o
 .data          0x0000000000001da0        0x0 diorite/appinfo.auto.c.30.o
 .data          0x0000000000001da0        0x0 diorite/src/resource_ids.auto.c.30.o
 .data          0x0000000000001da0        0x0 src/message_keys.auto.c.30.o
 .data          0x0000000000001da0        0x0 /home/albert/.pebble-sdk/SDKs/current/sdk-core/pebble/diorite/lib/libpebble.a(tmpnfft5Rpebble.o)
 .data          0x0000000000001da0        0x0 /home/albert/pebble-dev/pebble-sdk-4.6-rc2-linux64/arm-cs-tools/bin/../lib/gcc/arm-none-eabi/4.7.2/thumb2/libgcc.a(_arm_addsubdf3.o)
 .data          0x0000000000001da0        0x0 /home/albert/pebble-dev/pebble-sdk-4.6-rc2-linux64/arm-cs-tools/bin/../lib/gcc/arm-none-eabi/4.7.2/thumb2/libgcc.a(_arm_muldivdf3.o)
 .data          0x0000000000001da0        0x0 /home/albert/pebble-dev/pebble-sdk-4.6-rc2-linux64/arm-cs-tools/bin/../lib/gcc/arm-none-eabi/4.7.2/thumb2/libgcc.a(_arm_fixdfsi.o)
 .data          0x0000000000001da0        0x0 /home/albert/pebble-dev/pebble-sdk-4.6-rc2-linux64/arm-cs-tools/bin/../lib/gcc/arm-none-eabi/4.7.2/../../../../arm-none-eabi/lib/thumb2/libc.a(lib_a-ctype_.o)
 .data          0x0000000000001da0        0x0 /home/albert/pebble-dev/pebble-sdk-4.6-rc2-linux64/arm-cs-tools/bin/../lib/gcc/arm-none-eabi/4.7.2/thumb2/crtend.o
 .data          0x0000000000001da0        0x0 /home/albert/pebble-dev/pebble-sdk-4.6-rc2-linux64/arm-cs-tools/bin/../lib/gcc/arm-none-eabi/4.7.2/thumb2/crtn.o
 *(.data.*)
 .data.s_last_battery_draw_pct
                0x0000000000001da0        0x4 src/c/nerv.c.30.o
 .data.MESSAGE_KEY_colourScheme
                0x0000000000001da4        0x4 src/message_keys.auto.c.30.o
                0x0000000000001da4                MESSAGE_KEY_colourScheme
 .data.MESSAGE_KEY_secret
                0x0000000000001da8        0x4 src/message_keys.auto.c.30.o
                0x0000000000001da8                MESSAGE_KEY_secret
 .data.MESSAGE_KEY_hideDotw
                0x0000000000001dac        0x4 src/message_keys.auto.c.30.o
                0x0000000000001dac                MESSAGE_KEY_hideDotw
 .data.MESSAGE_KEY_hideTemp
                0x0000000000001db0        0x4 src/message_keys.auto.c.30.o
                0x0000000000001db0                MESSAGE_KEY_hideTemp
 .data.MESSAGE_KEY_customLoc
                0x0000000000001db4        0x4 src/message_keys.auto.c.30.o
                0x0000000000001db4                MESSAGE_KEY_customLoc
 .data.MESSAGE_KEY_TEMPERATURE
                0x0000000000001db8        0x4 src/message_keys.auto.c.30.o
                0x0000000000001db8                MESSAGE_KEY_TEMPERATURE
 .data.MESSAGE_KEY_bwBgColor
                0x0000000000001dbc        0x4 src/message_keys.auto.c.30.o
                0x0000000000001dbc                MESSAGE_KEY_bwBgColor
 .data.MESSAGE_KEY_customKey
                0x0000000000001dc0        0x4 src/message_keys.auto.c.30.o
                0x0000000000001dc0                MESSAGE_KEY_customKey
 .data.MESSAGE_KEY_fahrenheit
                0x0000000000001dc4        0x4 src/message_keys.auto.c.30.o
                0x0000000000001dc4                MESSAGE_KEY_fahrenheit
 .data.MESSAGE_KEY_japanese
                0x0000000000001dc8        0x4 src/message_keys.auto.c.30.o
                0x0000000000001dc8                MESSAGE_KEY_japanese
 .data.MESSAGE_KEY_CONDITIONS
                0x0000000000001dcc        0x4 src/message_keys.auto.c.30.o
                0x0000000000001dcc                MESSAGE_KEY_CONDITIONS
 .data.__ctype_ptr__
                0x0000000000001dd0        0x4 /home/albert/pebble-dev/pebble-sdk-4.6-rc2-linux64/arm-cs-tools/bin/../lib/gcc/arm-none-eabi/4.7.2/../../../../arm-none-eabi/lib/thumb2/libc.a(lib_a-ctype_.o)
                0x0000000000001dd0                __ctype_ptr__

.igot.plt       0x0000000000001dd4        0x0
 .igot.plt      0x0000000000000000        0x0 /home/albert/pebble-dev/pebble-sdk-4.6-rc2-linux64/arm-cs-tools/bin/../lib/gcc/arm-none-eabi/4.7.2/thumb2/crtbegin.o

.got            0x0000000000001dd4       0x30
 .got           0x0000000000001dd4       0x30 /home/albert/pebble-dev/pebble-sdk-4.6-rc2-linux64/arm-cs-tools/bin/../lib/gcc/arm-none-eabi/4.7.2/thumb2/crtbegin.o

.got.plt        0x0000000000001e04        0xc
 .got.plt       0x0000000000001e04        0xc /home/albert/pebble-dev/pebble-sdk-4.6-rc2-linux64/arm-cs-tools/bin/../lib/gcc/arm-none-eabi/4.7.2/thumb2/crtbegin.o
                0x0000000000001e04                _GLOBAL_OFFSET_TABLE_

.bss            0x0000000000001e10      0x15c
 *(.bss)
 *(.bss.*)
 .bss.s_buffer_l.7730
                0x0000000000001e10        0x4 src/c/nerv.c.30.o
 .bss.s_bat_bar2_layer
                0x0000000000001e14        0x4 src/c/nerv.c.30.o
 .bss.s_bat_bg_bitmap
                0x0000000000001e18        0x4 src/c/nerv.c.30.o
 .bss.s_background_bitmap
                0x0000000000001e1c        0x4 src/c/nerv.c.30.o
 .bss.s_bat_bar1_layer
                0x0000000000001e20        0x4 src/c/nerv.c.30.o
 .bss.s_time_layer_l
                0x0000000000001e24        0x4 src/c/nerv.c.30.o
 .bss.s_bat_bg_layer
                0x0000000000001e28        0x4 src/c/nerv.c.30.o
 .bss.s_on_bitmap
                0x0000000000001e2c        0x4 src/c/nerv.c.30.o
 .bss.s_time_layer_r
                0x0000000000001e30        0x4 src/c/nerv.c.30.o
 .bss.settings  0x0000000000001e34       0xa4 src/c/nerv.c.30.o
 .bss.s_main_window
                0x0000000000001ed8        0x4 src/c/nerv.c.30.o
 .bss.s_bt_bitmap
                0x0000000000001edc        0x4 src/c/nerv.c.30.o
 .bss.s_background_j_bitmap
                0x0000000000001ee0        0x4 src/c/nerv.c.30.o
 .bss.s_bat_bar_bitmap
                0x0000000000001ee4        0x4 src/c/nerv.c.30.o
 .bss.s_battery_level
                0x0000000000001ee8        0x4 src/c/nerv.c.30.o
 .bss.dat_buffer.7630
                0x0000000000001eec        0x4 src/c/nerv.c.30.o
 .bss.s_temp_layer
                0x0000000000001ef0        0x4 src/c/nerv.c.30.o
 .bss.noto      0x0000000000001ef4        0x4 src/c/nerv.c.30.o
 .bss.conditions_buffer.7660
                0x0000000000001ef8       0x20 src/c/nerv.c.30.o
 .bss.s_bt_layer
                0x0000000000001f18        0x4 src/c/nerv.c.30.o
 .bss.temperature_buffer.7659
                0x0000000000001f1c        0x8 src/c/nerv.c.30.o
 .bss.s_bat_bar3_layer
                0x0000000000001f24        0x4 src/c/nerv.c.30.o
 .bss.s_day_layer
                0x0000000000001f28        0x4 src/c/nerv.c.30.o
 .bss.seven_seg_sml
                0x0000000000001f2c        0x4 src/c/nerv.c.30.o
 .bss.helv      0x0000000000001f30        0x4 src/c/nerv.c.30.o
 .bss.s_on_layer
                0x0000000000001f34        0x4 src/c/nerv.c.30.o
 .bss.s_day_text_layer
                0x0000000000001f38        0x4 src/c/nerv.c.30.o
 .bss.date_buffer.7631
                0x0000000000001f3c       0x10 src/c/nerv.c.30.o
 .bss.s_background_layer
                0x0000000000001f4c        0x4 src/c/nerv.c.30.o
 .bss.s_day_bitmap
                0x0000000000001f50        0x4 src/c/nerv.c.30.o
 .bss.s_temp_bitmap
                0x0000000000001f54        0x4 src/c/nerv.c.30.o
 .bss.s_bat_bar4_layer
                0x0000000000001f58        0x4 src/c/nerv.c.30.o
 .bss.s_buffer_r.7731
                0x0000000000001f5c        0x4 src/c/nerv.c.30.o
 .bss.s_tem_layer
                0x0000000000001f60        0x4 src/c/nerv.c.30.o
 .bss.seven_seg
                0x0000000000001f64        0x4 src/c/nerv.c.30.o
 .bss.s_dat_layer
                0x0000000000001f68        0x4 src/c/nerv.c.30.o

DISCARD
 libc.a(*)
 libm.a(*)
 libgcc.a(*)
 *(.eh_frame)
OUTPUT(/home/albert/Desktop/pebble-nerv-main/build/diorite/pebble-app.elf elf32-littlearm)

.ARM.attributes
                0x0000000000000000       0x27
 .ARM.attributes
                0x0000000000000000       0x19 /home/albert/pebble-dev/pebble-sdk-4.6-rc2-linux64/arm-cs-tools/bin/../lib/gcc/arm-none-eabi/4.7.2/thumb2/crti.o
 .ARM.attributes
                0x0000000000000019       0x29 /home/albert/pebble-dev/pebble-sdk-4.6-rc2-linux64/arm-cs-tools/bin/../lib/gcc/arm-none-eabi/4.7.2/thumb2/crtbegin.o
 .ARM.attributes
                0x0000000000000042       0x33 src/c/nerv.c.30.o
 .ARM.attributes
                0x0000000000000075       0x33 diorite/appinfo.auto.c.30.o
 .ARM.attributes
                0x00000000000000a8       0x33 diorite/src/resource_ids.auto.c.30.o
 .ARM.attributes
                0x00000000000000db       0x33 src/message_keys.auto.c.30.o
 .ARM.attributes
                0x000000000000010e       0x21 /home/albert/.pebble-sdk/SDKs/current/sdk-core/pebble/diorite/lib/libpebble.a(tmpnfft5Rpebble.o)
 .ARM.attributes
                0x000000000000012f       0x19 /home/albert/pebble-dev/pebble-sdk-4.6-rc2-linux64/arm-cs-tools/bin/../lib/gcc/arm-none-eabi/4.7.2/thumb2/libgcc.a(_arm_addsubdf3.o)
 .ARM.attributes
                0x0000000000000148       0x19 /home/albert/pebble-dev/pebble-sdk-4.6-rc2-linux64/arm-cs-tools/bin/../lib/gcc/arm-none-eabi/4.7.2/thumb2/libgcc.a(_arm_muldivdf3.o)
 .ARM.attributes
                0x0000000000000161       0x19 /home/albert/pebble-dev/pebble-sdk-4.6-rc2-linux64/arm-cs-tools/bin/../lib/gcc/arm-none-eabi/4.7.2/thumb2/libgcc.a(_arm_fixdfsi.o)
 .ARM.attributes
                0x000000000000017a       0x29 /home/albert/pebble-dev/pebble-sdk-4.6-rc2-linux64/arm-cs-tools/bin/../lib/gcc/arm-none-eabi/4.7.2/../../../../arm-none-eabi/lib/thumb2/libc.a(lib_a-ctype_.o)
 .ARM.attributes
                0x00000000000001a3       0x29 /home/albert/pebble-dev/pebble-sdk-4.6-rc2-linux64/arm-cs-tools/bin/../lib/gcc/arm-none-eabi/4.7.2/thumb2/crtend.o
 .ARM.attributes
                0x00000000000001cc       0x19 /home/albert/pebble-dev/pebble-sdk-4.6-rc2-linux64/arm-cs-tools/bin/../lib/gcc/arm-none-eabi/4.7.2/thumb2/crtn.o

.comment        0x0000000000000000       0x4e
 .comment       0x0000000000000000       0x4e /home/albert/pebble-dev/pebble-sdk-4.6-rc2-linux64/arm-cs-tools/bin/../lib/gcc/arm-none-eabi/4.7.2/thumb2/crtbegin.o
                                         0x4f (size before relaxing)
 .comment       0x0000000000000000       0x4f src/c/nerv.c.30.o
 .comment       0x0000000000000000       0x4f diorite/appinfo.auto.c.30.o
 .comment       0x0000000000000000       0x4f diorite/src/resource_ids.auto.c.30.o
 .comment       0x0000000000000000       0x4f src/message_keys.auto.c.30.o
 .comment       0x0000000000000000       0x4f /home/albert/pebble-dev/pebble-sdk-4.6-rc2-linux64/arm-cs-tools/bin/../lib/gcc/arm-none-eabi/4.7.2/../../../../arm-none-eabi/lib/thumb2/libc.a(lib_a-ctype_.o)
 .comment       0x0000000000000000       0x4f /home/albert/pebble-dev/pebble-sdk-4.6-rc2-linux64/arm-cs-tools/bin/../lib/gcc/arm-none-eabi/4.7.2/thumb2/crtend.o

.debug_info     0x0000000000000000     0x2f51
 .debug_info    0x0000000000000000     0x26d2 src/c/nerv.c.30.o
 .debug_info    0x00000000000026d2      0x349 diorite/appinfo.auto.c.30.o
 .debug_info    0x0000000000002a1b      0x16b diorite/src/resource_ids.auto.c.30.o
 .debug_info    0x0000000000002b86      0x135 src/message_keys.auto.c.30.o
 .debug_info    0x0000000000002cbb       0xb7 /home/albert/pebble-dev/pebble-sdk-4.6-rc2-linux64/arm-cs-tools/bin/../lib/gcc/arm-none-eabi/4.7.2/thumb2/libgcc.a(_arm_addsubdf3.o)
 .debug_info    0x0000000000002d72       0xb7 /home/albert/pebble-dev/pebble-sdk-4.6-rc2-linux64/arm-cs-tools/bin/../lib/gcc/arm-none-eabi/4.7.2/thumb2/libgcc.a(_arm_muldivdf3.o)
 .debug_info    0x0000000000002e29       0xb7 /home/albert/pebble-dev/pebble-sdk-4.6-rc2-linux64/arm-cs-tools/bin/../lib/gcc/arm-none-eabi/4.7.2/thumb2/libgcc.a(_arm_fixdfsi.o)
 .debug_info    0x0000000000002ee0       0x71 /home/albert/pebble-dev/pebble-sdk-4.6-rc2-linux64/arm-cs-tools/bin/../lib/gcc/arm-none-eabi/4.7.2/../../../../arm-none-eabi/lib/thumb2/libc.a(lib_a-ctype_.o)

.debug_abbrev   0x0000000000000000      0x613
 .debug_abbrev  0x0000000000000000      0x463 src/c/nerv.c.30.o
 .debug_abbrev  0x0000000000000463       0x9e diorite/appinfo.auto.c.30.o
 .debug_abbrev  0x0000000000000501       0x44 diorite/src/resource_ids.auto.c.30.o
 .debug_abbrev  0x0000000000000545       0x44 src/message_keys.auto.c.30.o
 .debug_abbrev  0x0000000000000589       0x14 /home/albert/pebble-dev/pebble-sdk-4.6-rc2-linux64/arm-cs-tools/bin/../lib/gcc/arm-none-eabi/4.7.2/thumb2/libgcc.a(_arm_addsubdf3.o)
 .debug_abbrev  0x000000000000059d       0x14 /home/albert/pebble-dev/pebble-sdk-4.6-rc2-linux64/arm-cs-tools/bin/../lib/gcc/arm-none-eabi/4.7.2/thumb2/libgcc.a(_arm_muldivdf3.o)
 .debug_abbrev  0x00000000000005b1       0x14 /home/albert/pebble-dev/pebble-sdk-4.6-rc2-linux64/arm-cs-tools/bin/../lib/gcc/arm-none-eabi/4.7.2/thumb2/libgcc.a(_arm_fixdfsi.o)
 .debug_abbrev  0x00000000000005c5       0x4e /home/albert/pebble-dev/pebble-sdk-4.6-rc2-linux64/arm-cs-tools/bin/../lib/gcc/arm-none-eabi/4.7.2/../../../../arm-none-eabi/lib/thumb2/libc.a(lib_a-ctype_.o)

.debug_loc      0x0000000000000000      0x799
 .debug_loc     0x0000000000000000      0x799 src/c/nerv.c.30.o

.debug_aranges  0x0000000000000000      0x168
 .debug_aranges
                0x0000000000000000       0xa8 src/c/nerv.c.30.o
 .debug_aranges
                0x00000000000000a8       0x18 diorite/appinfo.auto.c.30.o
 .debug_aranges
                0x00000000000000c0       0x18 diorite/src/resource_ids.auto.c.30.o
 .debug_aranges
                0x00000000000000d8       0x18 src/message_keys.auto.c.30.o
 .debug_aranges
                0x00000000000000f0       0x20 /home/albert/pebble-dev/pebble-sdk-4.6-rc2-linux64/arm-cs-tools/bin/../lib/gcc/arm-none-eabi/4.7.2/thumb2/libgcc.a(_arm_addsubdf3.o)
 .debug_aranges
                0x0000000000000110       0x20 /home/albert/pebble-dev/pebble-sdk-4.6-rc2-linux64/arm-cs-tools/bin/../lib/gcc/arm-none-eabi/4.7.2/thumb2/libgcc.a(_arm_muldivdf3.o)
 .debug_aranges
                0x0000000000000130       0x20 /home/albert/pebble-dev/pebble-sdk-4.6-rc2-linux64/arm-cs-tools/bin/../lib/gcc/arm-none-eabi/4.7.2/thumb2/libgcc.a(_arm_fixdfsi.o)
 .debug_aranges
                0x0000000000000150       0x18 /home/albert/pebble-dev/pebble-sdk-4.6-rc2-linux64/arm-cs-tools/bin/../lib/gcc/arm-none-eabi/4.7.2/../../../../arm-none-eabi/lib/thumb2/libc.a(lib_a-ctype_.o)

.debug_ranges   0x0000000000000000      0x158
 .debug_ranges  0x0000000000000000      0x158 src/c/nerv.c.30.o

.debug_line     0x0000000000000000      0xdb6
 .debug_line    0x0000000000000000      0x5d0 src/c/nerv.c.30.o
 .debug_line    0x00000000000005d0      0x127 diorite/appinfo.auto.c.30.o
 .debug_line    0x00000000000006f7       0xd1 diorite/src/resource_ids.auto.c.30.o
 .debug_line    0x00000000000007c8       0xc9 src/message_keys.auto.c.30.o
 .debug_line    0x0000000000000891      0x20a /home/albert/pebble-dev/pebble-sdk-4.6-rc2-linux64/arm-cs-tools/bin/../lib/gcc/arm-none-eabi/4.7.2/thumb2/libgcc.a(_arm_addsubdf3.o)
 .debug_line    0x0000000000000a9b      0x226 /home/albert/pebble-dev/pebble-sdk-4.6-rc2-linux64/arm-cs-tools/bin/../lib/gcc/arm-none-eabi/4.7.2/thumb2/libgcc.a(_arm_muldivdf3.o)
 .debug_line    0x0000000000000cc1       0x86 /home/albert/pebble-dev/pebble-sdk-4.6-rc2-linux64/arm-cs-tools/bin/../lib/gcc/arm-none-eabi/4.7.2/thumb2/libgcc.a(_arm_fixdfsi.o)
 .debug_line    0x0000000000000d47       0x6f /home/albert/pebble-dev/pebble-sdk-4.6-rc2-linux64/arm-cs-tools/bin/../lib/gcc/arm-none-eabi/4.7.2/../../../../arm-none-eabi/lib/thumb2/libc.a(lib_a-ctype_.o)

.debug_str      0x0000000000000000     0x1573
 .debug_str     0x0000000000000000     0x1054 src/c/nerv.c.30.o
                                       0x1161 (size before relaxing)
 .debug_str     0x0000000000001054      0x2fa diorite/appinfo.auto.c.30.o
                                        0x3de (size before relaxing)
 .debug_str     0x000000000000134e      0x16e diorite/src/resource_ids.auto.c.30.o
                                        0x233 (size before relaxing)
 .debug_str     0x00000000000014bc       0x18 src/message_keys.auto.c.30.o
                                        0x1d0 (size before relaxing)
 .debug_str     0x00000000000014d4       0x9f /home/albert/pebble-dev/pebble-sdk-4.6-rc2-linux64/arm-cs-tools/bin/../lib/gcc/arm-none-eabi/4.7.2/../../../../arm-none-eabi/lib/thumb2/libc.a(lib_a-ctype_.o)
                                         0xc7 (size before relaxing)

.debug_frame    0x0000000000000000      0x1e4
 .debug_frame   0x0000000000000000      0x1e4 src/c/nerv.c.30.o
